\BOOKMARK [0][]{chapter*.2}{Preface}{}% 1
\BOOKMARK [0][]{chapter*.4}{Abstract}{}% 2
\BOOKMARK [0][]{chapter*.6}{Acknowledgements}{}% 3
\BOOKMARK [0][]{section*.7}{Contents}{}% 4
\BOOKMARK [0][]{chapter*.10}{Acronyms}{}% 5
\BOOKMARK [0][]{chapter*.11}{List\040of\040Figures}{}% 6
\BOOKMARK [0][]{chapter*.12}{List\040of\040Tables}{}% 7
\BOOKMARK [0][]{chapter.1}{1\040Introduction}{}% 8
\BOOKMARK [1][]{section.1.1}{1.1\040Background}{chapter.1}% 9
\BOOKMARK [1][]{section.1.2}{1.2\040Prior\040work\040/\040Literature\040review}{chapter.1}% 10
\BOOKMARK [1][]{section.1.3}{1.3\040Problem\040statement}{chapter.1}% 11
\BOOKMARK [1][]{section.1.4}{1.4\040Empirical\040considerations}{chapter.1}% 12
\BOOKMARK [1][]{section.1.5}{\376\377\0001\000.\0005\000\040\000I\000m\000p\000a\000c\000t\000\040\040\023\000\040\000i\000n\000n\000o\000v\000a\000t\000i\000o\000n\000\040\000a\000n\000d\000\040\000a\000p\000p\000l\000i\000c\000a\000t\000i\000o\000n}{chapter.1}% 13
\BOOKMARK [0][]{chapter.2}{2\040Methodology}{}% 14
\BOOKMARK [1][]{section.2.1}{2.1\040Segment\040Anything\040Model}{chapter.2}% 15
\BOOKMARK [1][]{section.2.2}{2.2\040Evaluation\040Metrics}{chapter.2}% 16
\BOOKMARK [0][]{chapter.3}{3\040Implementation}{}% 17
\BOOKMARK [0][]{chapter.4}{4\040Data}{}% 18
\BOOKMARK [0][]{chapter.5}{5\040Results}{}% 19
\BOOKMARK [0][]{chapter.6}{6\040Discussion}{}% 20
\BOOKMARK [0][]{chapter.7}{7\040Conclusion}{}% 21
\BOOKMARK [0][]{chapter.8}{8\040Future\040Work}{}% 22
\BOOKMARK [0][]{section*.18}{Bibliography}{}% 23
\BOOKMARK [0][]{appendix.A}{A\040An\040Appendix}{}% 24
