\BOOKMARK [0][]{chapter*.2}{Preface}{}% 1
\BOOKMARK [0][]{chapter*.4}{Abstract}{}% 2
\BOOKMARK [0][]{chapter*.6}{Acknowledgements}{}% 3
\BOOKMARK [0][]{section*.7}{Contents}{}% 4
\BOOKMARK [0][]{chapter*.10}{Acronyms}{}% 5
\BOOKMARK [0][]{chapter*.11}{List\040of\040Figures}{}% 6
\BOOKMARK [0][]{chapter*.12}{List\040of\040Tables}{}% 7
\BOOKMARK [0][]{chapter.1}{1\040Introduction}{}% 8
\BOOKMARK [1][]{section.1.1}{1.1\040Background}{chapter.1}% 9
\BOOKMARK [1][]{section.1.2}{1.2\040Prior\040work\040/\040Literature\040review}{chapter.1}% 10
\BOOKMARK [1][]{section.1.3}{1.3\040Problem\040statement}{chapter.1}% 11
\BOOKMARK [1][]{section.1.4}{1.4\040Empirical\040considerations}{chapter.1}% 12
\BOOKMARK [1][]{section.1.5}{\376\377\0001\000.\0005\000\040\000I\000m\000p\000a\000c\000t\000\040\040\023\000\040\000i\000n\000n\000o\000v\000a\000t\000i\000o\000n\000\040\000a\000n\000d\000\040\000a\000p\000p\000l\000i\000c\000a\000t\000i\000o\000n}{chapter.1}% 13
\BOOKMARK [0][]{chapter.2}{2\040Methodology}{}% 14
\BOOKMARK [1][]{section.2.1}{2.1\040Common\040methodology}{chapter.2}% 15
\BOOKMARK [1][]{section.2.2}{2.2\040Segmentation\040quality}{chapter.2}% 16
\BOOKMARK [1][]{section.2.3}{2.3\040Interactive\040semi-automation}{chapter.2}% 17
\BOOKMARK [1][]{section.2.4}{2.4\040Workflow\040efficiency}{chapter.2}% 18
\BOOKMARK [0][]{chapter.3}{3\040Data}{}% 19
\BOOKMARK [1][]{section.3.1}{3.1\040Data\040sources}{chapter.3}% 20
\BOOKMARK [1][]{section.3.2}{3.2\040Dataset\040construction}{chapter.3}% 21
\BOOKMARK [1][]{section.3.3}{3.3\040Ground\040truth\040definition}{chapter.3}% 22
\BOOKMARK [1][]{section.3.4}{3.4\040Dataset\040characteristics}{chapter.3}% 23
\BOOKMARK [1][]{section.3.5}{3.5\040Difficulty\040stratification}{chapter.3}% 24
\BOOKMARK [1][]{section.3.6}{3.6\040Dataset\040limitations\040and\040biases}{chapter.3}% 25
\BOOKMARK [0][]{chapter.4}{4\040Results}{}% 26
\BOOKMARK [1][]{section.4.1}{4.1\040Segmentation\040performance}{chapter.4}% 27
\BOOKMARK [1][]{section.4.2}{4.2\040Automation\040evaluation}{chapter.4}% 28
\BOOKMARK [1][]{section.4.3}{4.3\040Workflow\040efficiency\040evaluation}{chapter.4}% 29
\BOOKMARK [0][]{chapter.5}{5\040Discussion}{}% 30
\BOOKMARK [1][]{section.5.1}{5.1\040Segmentation\040ability}{chapter.5}% 31
\BOOKMARK [1][]{section.5.2}{5.2\040Automation\040and\040interactivity}{chapter.5}% 32
\BOOKMARK [1][]{section.5.3}{5.3\040Workflow\040impact}{chapter.5}% 33
\BOOKMARK [0][]{chapter.6}{6\040Conclusion}{}% 34
\BOOKMARK [1][]{section.6.1}{6.1\040Summary\040of\040findings\040per\040research\040question}{chapter.6}% 35
\BOOKMARK [1][]{section.6.2}{6.2\040Overall\040contribution}{chapter.6}% 36
\BOOKMARK [1][]{section.6.3}{6.3\040Final\040remarks}{chapter.6}% 37
\BOOKMARK [0][]{chapter.7}{7\040Future\040Work}{}% 38
\BOOKMARK [1][]{section.7.1}{7.1\040Methodological\040extensions}{chapter.7}% 39
\BOOKMARK [1][]{section.7.2}{7.2\040Dataset\040expansion\040and\040diversification}{chapter.7}% 40
\BOOKMARK [1][]{section.7.3}{7.3\040Further\040automation\040opportunities}{chapter.7}% 41
\BOOKMARK [0][]{section*.18}{Bibliography}{}% 42
\BOOKMARK [0][]{appendix.A}{A\040An\040Appendix}{}% 43
